{
    "fragment_id": "1",
    "result": {
        "has_match": false,
        "match_str": ""
    }
}
